[
  {
    "attachment" : null,
    "author" : {
      "adminOf" : null,
      "age" : 12,
      "chats" : null,
      "email" : "michael@gmail.com",
      "id" : "4",
      "isCurrent" : false,
      "name" : "Michael",
      "username" : "@michael"
    },
    "chat" : {
      "admins" : null,
      "id" : "1",
      "messages" : null,
      "users" : null
    },
    "id" : "0",
    "replies" : [
      {
        "attachment" : null,
        "author" : null,
        "chat" : null,
        "id" : "1",
        "replies" : null,
        "replyTo" : null,
        "text" : "hello",
        "viewedBy" : null
      },
      {
        "attachment" : null,
        "author" : null,
        "chat" : null,
        "id" : "2",
        "replies" : null,
        "replyTo" : null,
        "text" : "howdy",
        "viewedBy" : null
      },
      {
        "attachment" : null,
        "author" : null,
        "chat" : null,
        "id" : "3",
        "replies" : null,
        "replyTo" : null,
        "text" : "yo!",
        "viewedBy" : null
      },
      {
        "attachment" : null,
        "author" : null,
        "chat" : null,
        "id" : "4",
        "replies" : null,
        "replyTo" : null,
        "text" : "wassap!",
        "viewedBy" : null
      }
    ],
    "replyTo" : null,
    "text" : "hello, ya'll",
    "viewedBy" : [

    ]
  },
  {
    "attachment" : null,
    "author" : {
      "adminOf" : null,
      "age" : 12,
      "chats" : null,
      "email" : "alice@gmail.com",
      "id" : "2",
      "isCurrent" : false,
      "name" : "Alice",
      "username" : "@alice"
    },
    "chat" : {
      "admins" : null,
      "id" : "1",
      "messages" : null,
      "users" : null
    },
    "id" : "1",
    "replies" : [

    ],
    "replyTo" : {
      "attachment" : null,
      "author" : null,
      "chat" : null,
      "id" : "0",
      "replies" : null,
      "replyTo" : null,
      "text" : "hello, ya'll",
      "viewedBy" : null
    },
    "text" : "hello",
    "viewedBy" : [

    ]
  },
  {
    "attachment" : null,
    "author" : {
      "adminOf" : null,
      "age" : 12,
      "chats" : null,
      "email" : "bob@gmail.com",
      "id" : "1",
      "isCurrent" : false,
      "name" : "Bob",
      "username" : "@bob"
    },
    "chat" : {
      "admins" : null,
      "id" : "1",
      "messages" : null,
      "users" : null
    },
    "id" : "2",
    "replies" : [

    ],
    "replyTo" : {
      "attachment" : null,
      "author" : null,
      "chat" : null,
      "id" : "0",
      "replies" : null,
      "replyTo" : null,
      "text" : "hello, ya'll",
      "viewedBy" : null
    },
    "text" : "howdy",
    "viewedBy" : [

    ]
  },
  {
    "attachment" : null,
    "author" : {
      "adminOf" : null,
      "age" : 12,
      "chats" : null,
      "email" : "tom@gmail.com",
      "id" : "5",
      "isCurrent" : false,
      "name" : "Tom",
      "username" : "@tom"
    },
    "chat" : {
      "admins" : null,
      "id" : "1",
      "messages" : null,
      "users" : null
    },
    "id" : "3",
    "replies" : [

    ],
    "replyTo" : {
      "attachment" : null,
      "author" : null,
      "chat" : null,
      "id" : "0",
      "replies" : null,
      "replyTo" : null,
      "text" : "hello, ya'll",
      "viewedBy" : null
    },
    "text" : "yo!",
    "viewedBy" : [

    ]
  },
  {
    "attachment" : null,
    "author" : {
      "adminOf" : null,
      "age" : 12,
      "chats" : null,
      "email" : "john@gmail.com",
      "id" : "3",
      "isCurrent" : false,
      "name" : "John",
      "username" : "@john"
    },
    "chat" : {
      "admins" : null,
      "id" : "1",
      "messages" : null,
      "users" : null
    },
    "id" : "4",
    "replies" : [

    ],
    "replyTo" : {
      "attachment" : null,
      "author" : null,
      "chat" : null,
      "id" : "0",
      "replies" : null,
      "replyTo" : null,
      "text" : "hello, ya'll",
      "viewedBy" : null
    },
    "text" : "wassap!",
    "viewedBy" : [

    ]
  }
]