[
  {
    "attachment" : null,
    "author" : null,
    "chat" : null,
    "id" : "0",
    "replies" : {
      "slice" : [
        {
          "attachment" : null,
          "author" : null,
          "chat" : null,
          "id" : "1",
          "replies" : null,
          "replyTo" : {
            "id" : "0"
          },
          "text" : "hello",
          "timestamp" : -63114076800,
          "viewedBy" : null
        },
        {
          "attachment" : null,
          "author" : null,
          "chat" : null,
          "id" : "2",
          "replies" : null,
          "replyTo" : {
            "id" : "0"
          },
          "text" : "howdy",
          "timestamp" : -63114076800,
          "viewedBy" : null
        },
        {
          "attachment" : null,
          "author" : null,
          "chat" : null,
          "id" : "3",
          "replies" : null,
          "replyTo" : {
            "id" : "0"
          },
          "text" : "yo!",
          "timestamp" : -63114076800,
          "viewedBy" : null
        },
        {
          "attachment" : null,
          "author" : null,
          "chat" : null,
          "id" : "4",
          "replies" : null,
          "replyTo" : {
            "id" : "0"
          },
          "text" : "wassap!",
          "timestamp" : -63114076800,
          "viewedBy" : null
        }
      ]
    },
    "replyTo" : null,
    "text" : "hello, ya'll",
    "timestamp" : -63114076800,
    "viewedBy" : null
  },
  {
    "attachment" : null,
    "author" : null,
    "chat" : null,
    "id" : "1",
    "replies" : {
      "slice" : [

      ]
    },
    "replyTo" : null,
    "text" : "hello",
    "timestamp" : -63114076800,
    "viewedBy" : null
  },
  {
    "attachment" : null,
    "author" : null,
    "chat" : null,
    "id" : "2",
    "replies" : {
      "slice" : [

      ]
    },
    "replyTo" : null,
    "text" : "howdy",
    "timestamp" : -63114076800,
    "viewedBy" : null
  },
  {
    "attachment" : null,
    "author" : null,
    "chat" : null,
    "id" : "3",
    "replies" : {
      "slice" : [

      ]
    },
    "replyTo" : null,
    "text" : "yo!",
    "timestamp" : -63114076800,
    "viewedBy" : null
  },
  {
    "attachment" : null,
    "author" : null,
    "chat" : null,
    "id" : "4",
    "replies" : {
      "slice" : [

      ]
    },
    "replyTo" : null,
    "text" : "wassap!",
    "timestamp" : -63114076800,
    "viewedBy" : null
  }
]