[
  {
    "attachment" : null,
    "author" : {
      "adminOf" : null,
      "chats" : null,
      "email" : "michael@gmail.com",
      "id" : "4",
      "isCurrent" : false,
      "name" : "Michael",
      "username" : "@michael"
    },
    "chat" : null,
    "id" : "0",
    "replies" : null,
    "replyTo" : null,
    "text" : "hello, ya'll",
    "viewedBy" : null
  },
  {
    "attachment" : null,
    "author" : {
      "adminOf" : null,
      "chats" : null,
      "email" : "alice@gmail.com",
      "id" : "2",
      "isCurrent" : false,
      "name" : "Alice",
      "username" : "@alice"
    },
    "chat" : null,
    "id" : "1",
    "replies" : null,
    "replyTo" : null,
    "text" : "hello",
    "viewedBy" : null
  },
  {
    "attachment" : null,
    "author" : {
      "adminOf" : null,
      "chats" : null,
      "email" : "bob@gmail.com",
      "id" : "1",
      "isCurrent" : false,
      "name" : "Bob",
      "username" : "@bob"
    },
    "chat" : null,
    "id" : "2",
    "replies" : null,
    "replyTo" : null,
    "text" : "howdy",
    "viewedBy" : null
  },
  {
    "attachment" : null,
    "author" : {
      "adminOf" : null,
      "chats" : null,
      "email" : "tom@gmail.com",
      "id" : "5",
      "isCurrent" : false,
      "name" : "Tom",
      "username" : "@tom"
    },
    "chat" : null,
    "id" : "3",
    "replies" : null,
    "replyTo" : null,
    "text" : "yo!",
    "viewedBy" : null
  },
  {
    "attachment" : null,
    "author" : {
      "adminOf" : null,
      "chats" : null,
      "email" : "john@gmail.com",
      "id" : "3",
      "isCurrent" : false,
      "name" : "John",
      "username" : "@john"
    },
    "chat" : null,
    "id" : "4",
    "replies" : null,
    "replyTo" : null,
    "text" : "wassap!",
    "viewedBy" : null
  }
]