[
  {
    "attachment" : null,
    "author" : null,
    "chat" : null,
    "id" : "0",
    "replies" : {
      "slice_ids" : [
        "1",
        "2",
        "3",
        "4"
      ]
    },
    "replyTo" : null,
    "text" : "hello, ya'll",
    "viewedBy" : null
  },
  {
    "attachment" : null,
    "author" : null,
    "chat" : null,
    "id" : "1",
    "replies" : {
      "slice_ids" : [

      ]
    },
    "replyTo" : null,
    "text" : "hello",
    "viewedBy" : null
  },
  {
    "attachment" : null,
    "author" : null,
    "chat" : null,
    "id" : "2",
    "replies" : {
      "slice_ids" : [

      ]
    },
    "replyTo" : null,
    "text" : "howdy",
    "viewedBy" : null
  },
  {
    "attachment" : null,
    "author" : null,
    "chat" : null,
    "id" : "3",
    "replies" : {
      "slice_ids" : [

      ]
    },
    "replyTo" : null,
    "text" : "yo!",
    "viewedBy" : null
  },
  {
    "attachment" : null,
    "author" : null,
    "chat" : null,
    "id" : "4",
    "replies" : {
      "slice_ids" : [

      ]
    },
    "replyTo" : null,
    "text" : "wassap!",
    "viewedBy" : null
  }
]