[
  {
    "attachment" : null,
    "author" : null,
    "chat" : null,
    "id" : "0",
    "replies" : [
      {
        "attachment" : null,
        "author" : null,
        "chat" : null,
        "id" : "1",
        "replies" : null,
        "replyTo" : {
          "id" : "0"
        },
        "text" : "hello",
        "viewedBy" : null
      },
      {
        "attachment" : null,
        "author" : null,
        "chat" : null,
        "id" : "2",
        "replies" : null,
        "replyTo" : {
          "id" : "0"
        },
        "text" : "howdy",
        "viewedBy" : null
      },
      {
        "attachment" : null,
        "author" : null,
        "chat" : null,
        "id" : "3",
        "replies" : null,
        "replyTo" : {
          "id" : "0"
        },
        "text" : "yo!",
        "viewedBy" : null
      },
      {
        "attachment" : null,
        "author" : null,
        "chat" : null,
        "id" : "4",
        "replies" : null,
        "replyTo" : {
          "id" : "0"
        },
        "text" : "wassap!",
        "viewedBy" : null
      }
    ],
    "replyTo" : null,
    "text" : "hello, ya'll",
    "viewedBy" : null
  },
  {
    "attachment" : null,
    "author" : null,
    "chat" : null,
    "id" : "1",
    "replies" : [

    ],
    "replyTo" : null,
    "text" : "hello",
    "viewedBy" : null
  },
  {
    "attachment" : null,
    "author" : null,
    "chat" : null,
    "id" : "2",
    "replies" : [

    ],
    "replyTo" : null,
    "text" : "howdy",
    "viewedBy" : null
  },
  {
    "attachment" : null,
    "author" : null,
    "chat" : null,
    "id" : "3",
    "replies" : [

    ],
    "replyTo" : null,
    "text" : "yo!",
    "viewedBy" : null
  },
  {
    "attachment" : null,
    "author" : null,
    "chat" : null,
    "id" : "4",
    "replies" : [

    ],
    "replyTo" : null,
    "text" : "wassap!",
    "viewedBy" : null
  }
]